[INFO] Scanning for projects...
[INFO] 
[INFO] -------------------------< com.grupov:backend >-------------------------
[INFO] Building GrupoV-MDS Backend 1.0.0
[INFO]   from pom.xml
[INFO] --------------------------------[ jar ]---------------------------------
[INFO] 
[INFO] >>> spring-boot:3.5.13:run (default-cli) > test-compile @ backend >>>
[INFO] 
[INFO] --- resources:3.3.1:resources (default-resources) @ backend ---
[INFO] Copying 3 resources from src\main\resources to target\classes
[INFO] Copying 1 resource from src\main\resources to target\classes
[INFO] 
[INFO] --- compiler:3.14.1:compile (default-compile) @ backend ---
[INFO] Nothing to compile - all classes are up to date.
[INFO] 
[INFO] --- resources:3.3.1:testResources (default-testResources) @ backend ---
[INFO] skip non existing resourceDirectory C:\Users\Win11\Desktop\3er SPRINT\GrupoV-MDS\backend\src\test\resources
[INFO] 
[INFO] --- compiler:3.14.1:testCompile (default-testCompile) @ backend ---
[INFO] Nothing to compile - all classes are up to date.
[INFO] 
[INFO] <<< spring-boot:3.5.13:run (default-cli) < test-compile @ backend <<<
[INFO] 
[INFO] 
[INFO] --- spring-boot:3.5.13:run (default-cli) @ backend ---
[INFO] Attaching agents: []

  .   ____          _            __ _ _
 /\\ / ___'_ __ _ _(_)_ __  __ _ \ \ \ \
( ( )\___ | '_ | '_| | '_ \/ _` | \ \ \ \
 \\/  ___)| |_)| | | | | || (_| |  ) ) ) )
  '  |____| .__|_| |_|_| |_\__, | / / / /
 =========|_|==============|___/=/_/_/_/

 :: Spring Boot ::               (v3.5.13)

2026-06-03T15:38:51.234-03:00  INFO 27452 --- [ProductosPrueba] [           main] backend.BackendApplication               : Starting BackendApplication using Java 21.0.10 with PID 27452 (C:\Users\Win11\Desktop\3er SPRINT\GrupoV-MDS\backend\target\classes started by Win11 in C:\Users\Win11\Desktop\3er SPRINT\GrupoV-MDS\backend)
2026-06-03T15:38:51.240-03:00  INFO 27452 --- [ProductosPrueba] [           main] backend.BackendApplication               : No active profile set, falling back to 1 default profile: "default"
2026-06-03T15:38:53.805-03:00  INFO 27452 --- [ProductosPrueba] [           main] .s.d.r.c.RepositoryConfigurationDelegate : Bootstrapping Spring Data JPA repositories in DEFAULT mode.
2026-06-03T15:38:54.141-03:00  INFO 27452 --- [ProductosPrueba] [           main] .s.d.r.c.RepositoryConfigurationDelegate : Finished Spring Data repository scanning in 309 ms. Found 7 JPA repository interfaces.
2026-06-03T15:38:55.609-03:00  INFO 27452 --- [ProductosPrueba] [           main] o.s.b.w.embedded.tomcat.TomcatWebServer  : Tomcat initialized with port 8081 (http)
2026-06-03T15:38:55.653-03:00  INFO 27452 --- [ProductosPrueba] [           main] o.apache.catalina.core.StandardService   : Starting service [Tomcat]
2026-06-03T15:38:55.654-03:00  INFO 27452 --- [ProductosPrueba] [           main] o.apache.catalina.core.StandardEngine    : Starting Servlet engine: [Apache Tomcat/10.1.53]
2026-06-03T15:38:55.851-03:00  INFO 27452 --- [ProductosPrueba] [           main] o.a.c.c.C.[Tomcat].[localhost].[/]       : Initializing Spring embedded WebApplicationContext
2026-06-03T15:38:55.854-03:00  INFO 27452 --- [ProductosPrueba] [           main] w.s.c.ServletWebServerApplicationContext : Root WebApplicationContext: initialization completed in 4508 ms
2026-06-03T15:38:56.280-03:00  INFO 27452 --- [ProductosPrueba] [           main] o.hibernate.jpa.internal.util.LogHelper  : HHH000204: Processing PersistenceUnitInfo [name: default]
2026-06-03T15:38:56.456-03:00  INFO 27452 --- [ProductosPrueba] [           main] org.hibernate.Version                    : HHH000412: Hibernate ORM core version 6.6.45.Final
2026-06-03T15:38:56.604-03:00  INFO 27452 --- [ProductosPrueba] [           main] o.h.c.internal.RegionFactoryInitiator    : HHH000026: Second-level cache disabled
2026-06-03T15:38:57.495-03:00  INFO 27452 --- [ProductosPrueba] [           main] o.s.o.j.p.SpringPersistenceUnitInfo      : No LoadTimeWeaver setup: ignoring JPA class transformer
2026-06-03T15:38:57.592-03:00  INFO 27452 --- [ProductosPrueba] [           main] com.zaxxer.hikari.HikariDataSource       : HikariPool-1 - Starting...
2026-06-03T15:38:59.109-03:00  INFO 27452 --- [ProductosPrueba] [           main] com.zaxxer.hikari.pool.HikariPool        : HikariPool-1 - Added connection org.postgresql.jdbc.PgConnection@5072e638
2026-06-03T15:38:59.113-03:00  INFO 27452 --- [ProductosPrueba] [           main] com.zaxxer.hikari.HikariDataSource       : HikariPool-1 - Start completed.
2026-06-03T15:38:59.283-03:00  WARN 27452 --- [ProductosPrueba] [           main] org.hibernate.orm.deprecation            : HHH90000025: PostgreSQLDialect does not need to be specified explicitly using 'hibernate.dialect' (remove the property setting and it will be selected by default)
2026-06-03T15:38:59.509-03:00  INFO 27452 --- [ProductosPrueba] [           main] org.hibernate.orm.connections.pooling    : HHH10001005: Database info:
	Database JDBC URL [Connecting through datasource 'HikariDataSource (HikariPool-1)']
	Database driver: undefined/unknown
	Database version: 17.10
	Autocommit mode: undefined/unknown
	Isolation level: undefined/unknown
	Minimum pool size: undefined/unknown
	Maximum pool size: undefined/unknown
2026-06-03T15:39:02.728-03:00  INFO 27452 --- [ProductosPrueba] [           main] o.h.e.t.j.p.i.JtaPlatformInitiator       : HHH000489: No JTA platform available (set 'hibernate.transaction.jta.platform' to enable JTA platform integration)
2026-06-03T15:39:05.427-03:00  INFO 27452 --- [ProductosPrueba] [           main] j.LocalContainerEntityManagerFactoryBean : Initialized JPA EntityManagerFactory for persistence unit 'default'
2026-06-03T15:39:06.789-03:00  INFO 27452 --- [ProductosPrueba] [           main] o.s.d.j.r.query.QueryEnhancerFactory     : Hibernate is in classpath; If applicable, HQL parser will be used.
2026-06-03T15:39:08.846-03:00  WARN 27452 --- [ProductosPrueba] [           main] JpaBaseConfiguration$JpaWebConfiguration : spring.jpa.open-in-view is enabled by default. Therefore, database queries may be performed during view rendering. Explicitly configure spring.jpa.open-in-view to disable this warning
2026-06-03T15:39:09.976-03:00  WARN 27452 --- [ProductosPrueba] [           main] ConfigServletWebServerApplicationContext : Exception encountered during context initialization - cancelling refresh attempt: org.springframework.context.ApplicationContextException: Failed to start bean 'webServerStartStop'
2026-06-03T15:39:09.980-03:00  INFO 27452 --- [ProductosPrueba] [           main] j.LocalContainerEntityManagerFactoryBean : Closing JPA EntityManagerFactory for persistence unit 'default'
2026-06-03T15:39:09.986-03:00  INFO 27452 --- [ProductosPrueba] [           main] com.zaxxer.hikari.HikariDataSource       : HikariPool-1 - Shutdown initiated...
2026-06-03T15:39:11.016-03:00  INFO 27452 --- [ProductosPrueba] [           main] com.zaxxer.hikari.HikariDataSource       : HikariPool-1 - Shutdown completed.
2026-06-03T15:39:11.065-03:00  INFO 27452 --- [ProductosPrueba] [           main] .s.b.a.l.ConditionEvaluationReportLogger : 

Error starting ApplicationContext. To display the condition evaluation report re-run your application with 'debug' enabled.
2026-06-03T15:39:11.156-03:00 ERROR 27452 --- [ProductosPrueba] [           main] o.s.b.d.LoggingFailureAnalysisReporter   : 

***************************
APPLICATION FAILED TO START
***************************

Description:

Web server failed to start. Port 8081 was already in use.

Action:

Identify and stop the process that's listening on port 8081 or configure this application to listen on another port.

[INFO] ------------------------------------------------------------------------
[INFO] BUILD FAILURE
[INFO] ------------------------------------------------------------------------
[INFO] Total time:  30.366 s
[INFO] Finished at: 2026-06-03T15:39:11-03:00
[INFO] ------------------------------------------------------------------------
[ERROR] Failed to execute goal org.springframework.boot:spring-boot-maven-plugin:3.5.13:run (default-cli) on project backend: Process terminated with exit code: 1 -> [Help 1]
[ERROR] 
[ERROR] To see the full stack trace of the errors, re-run Maven with the -e switch.
[ERROR] Re-run Maven using the -X switch to enable full debug logging.
[ERROR] 
[ERROR] For more information about the errors and possible solutions, please read the following articles:
[ERROR] [Help 1] http://cwiki.apache.org/confluence/display/MAVEN/MojoExecutionException
